2026-08-08 08:52:20,409 - INFO - Billing System started.
2026-08-08 08:52:39,957 - INFO - Admin logged in successfully.
2026-08-08 08:52:50,489 - INFO - Billing System closed.
2026-08-08 08:53:00,325 - INFO - Billing System started.
2026-08-08 08:53:04,078 - WARNING - Failed login attempt for username: hgdg
2026-08-08 08:53:04,080 - WARNING - User failed authentication.
2026-08-08 08:53:32,002 - INFO - Billing System started.
2026-08-08 08:53:37,817 - INFO - Admin logged in successfully.
2026-08-08 08:53:40,075 - INFO - Data loaded successfully from data/products.json
2026-08-08 08:53:54,574 - INFO - Data saved successfully to data/products.json
2026-08-08 08:53:54,583 - INFO - Product added: sugar
2026-08-08 08:54:13,678 - INFO - Data loaded successfully from data/products.json
2026-08-08 08:54:18,144 - INFO - Data loaded successfully from data/products.json
2026-08-08 08:54:21,127 - WARNING - Product not found: 102
2026-08-08 08:54:24,571 - INFO - Data loaded successfully from data/products.json
2026-08-08 08:54:26,317 - INFO - Product searched: 101
2026-08-08 08:54:31,979 - INFO - Data loaded successfully from data/products.json
2026-08-08 08:54:34,031 - WARNING - Product not found for update: 102
2026-08-08 08:54:37,618 - INFO - Data loaded successfully from data/products.json
2026-08-08 08:54:49,639 - INFO - Data saved successfully to data/products.json
2026-08-08 08:54:49,641 - INFO - Product updated: 101
2026-08-08 08:55:00,115 - INFO - Data loaded successfully from data/products.json
2026-08-08 08:55:13,534 - INFO - Data saved successfully to data/products.json
2026-08-08 08:55:13,536 - INFO - Product added: milk
2026-08-08 08:55:16,690 - INFO - Data loaded successfully from data/products.json
2026-08-08 08:55:21,260 - INFO - Data loaded successfully from data/products.json
2026-08-08 08:55:23,642 - WARNING - Product not found for deletion: 104
2026-08-08 08:55:27,855 - INFO - Data loaded successfully from data/products.json
2026-08-08 08:55:38,459 - INFO - Data saved successfully to data/products.json
2026-08-08 08:55:38,461 - INFO - Product deleted: 101
2026-08-08 08:55:42,666 - INFO - Data loaded successfully from data/products.json
2026-08-08 08:55:42,683 - INFO - Data loaded successfully from data/bills.json
2026-08-08 08:55:52,035 - WARNING - Product not found: 101
2026-08-08 08:55:59,113 - INFO - Data loaded successfully from data/bills.json
2026-08-08 08:55:59,115 - WARNING - Bill history requested but no bills found.
2026-08-08 08:56:03,303 - INFO - Billing System closed.
2026-08-09 15:01:50,848 - INFO - Billing System started.
2026-08-09 15:01:50,849 - INFO - Admin logged in successfully.
2026-08-09 15:01:50,850 - INFO - Billing System closed.
2026-08-09 15:01:50,851 - INFO - Billing System started.
2026-08-09 15:01:50,852 - INFO - Admin logged in successfully.
2026-08-09 15:01:50,853 - INFO - Billing System closed.
2026-08-09 15:01:50,854 - INFO - Billing System started.
2026-08-09 15:01:50,855 - INFO - Admin logged in successfully.
2026-08-09 15:01:50,859 - INFO - Billing System closed.
2026-08-09 15:01:50,863 - INFO - Billing System started.
2026-08-09 15:01:50,864 - INFO - Admin logged in successfully.
2026-08-09 15:01:50,865 - INFO - Billing System closed.
2026-08-09 15:01:50,868 - INFO - Billing System started.
2026-08-09 15:01:50,869 - INFO - Admin logged in successfully.
2026-08-09 15:01:50,870 - INFO - Billing System closed.
2026-08-09 15:01:50,872 - INFO - Billing System started.
2026-08-09 15:01:50,874 - INFO - Admin logged in successfully.
2026-08-09 15:01:50,876 - INFO - Billing System closed.
2026-08-09 15:01:50,879 - INFO - Billing System started.
2026-08-09 15:01:50,880 - INFO - Admin logged in successfully.
2026-08-09 15:01:50,881 - INFO - Billing System closed.
2026-08-13 17:24:58,789 - INFO - Billing System started.
2026-08-13 17:25:39,118 - WARNING - Failed login attempt for username: admin
2026-08-13 17:25:39,120 - WARNING - User failed authentication.
2026-08-13 17:26:20,118 - INFO - Billing System started.
2026-08-13 17:26:32,281 - INFO - Admin logged in successfully.
2026-08-13 17:26:32,283 - INFO - Admin logged in successfully.
2026-08-13 17:26:37,922 - INFO - Products loaded successfully from SQLite database
2026-08-13 17:26:49,898 - INFO - Product data sync handled via SQLite operations
2026-08-13 17:26:49,901 - INFO - Product added: sugar
2026-08-13 17:26:54,190 - INFO - Products loaded successfully from SQLite database
2026-08-13 17:27:08,094 - INFO - Product data sync handled via SQLite operations
2026-08-13 17:27:08,096 - INFO - Product added: rice
2026-08-13 17:27:13,359 - INFO - Products loaded successfully from SQLite database
2026-08-13 17:27:57,545 - INFO - Product data sync handled via SQLite operations
2026-08-13 17:27:57,547 - INFO - Product added: milk
2026-08-13 17:28:00,160 - INFO - Products loaded successfully from SQLite database
2026-08-13 17:28:00,188 - WARNING - No products available to display.
2026-08-13 17:28:09,562 - INFO - Products loaded successfully from SQLite database
2026-08-13 17:28:09,595 - WARNING - No products available to display.
2026-08-13 17:28:24,192 - INFO - Billing System closed.
2026-08-13 17:28:31,547 - INFO - Billing System started.
2026-08-13 17:28:36,910 - INFO - Admin logged in successfully.
2026-08-13 17:28:36,913 - INFO - Admin logged in successfully.
2026-08-13 17:28:38,806 - INFO - Products loaded successfully from SQLite database
2026-08-13 17:28:38,833 - WARNING - No products available to display.
2026-08-13 17:33:38,481 - INFO - Billing System closed.
2026-08-13 17:33:59,467 - INFO - Billing System started.
2026-08-13 17:34:04,569 - INFO - Admin logged in successfully.
2026-08-13 17:34:04,572 - INFO - Admin logged in successfully.
2026-08-13 17:34:07,947 - INFO - Products loaded successfully from SQLite database
2026-08-13 17:34:07,984 - WARNING - No products available to display.
2026-08-13 17:34:12,405 - INFO - Products loaded successfully from SQLite database
2026-08-13 17:34:30,659 - INFO - Product data saved to SQLite database
2026-08-13 17:34:30,662 - INFO - Product added: tea powder
2026-08-13 17:34:33,527 - INFO - Products loaded successfully from SQLite database
2026-08-13 17:34:43,604 - INFO - Products loaded successfully from SQLite database
2026-08-13 17:34:54,381 - INFO - Product data saved to SQLite database
2026-08-13 17:34:54,383 - INFO - Product added: milk
2026-08-13 17:34:58,080 - INFO - Products loaded successfully from SQLite database
2026-08-13 17:35:01,616 - INFO - Products loaded successfully from SQLite database
2026-08-13 17:35:10,675 - INFO - Product data saved to SQLite database
2026-08-13 17:35:10,676 - INFO - Product added: sugar
2026-08-13 17:35:13,191 - INFO - Products loaded successfully from SQLite database
2026-08-13 17:35:17,398 - INFO - Products loaded successfully from SQLite database
2026-08-13 17:35:29,415 - INFO - Product data saved to SQLite database
2026-08-13 17:35:29,416 - INFO - Product added: rice
2026-08-13 17:35:32,667 - INFO - Products loaded successfully from SQLite database
2026-08-13 17:35:37,396 - INFO - Products loaded successfully from SQLite database
2026-08-13 17:35:41,341 - WARNING - Product not found: 105
2026-08-13 17:35:45,352 - INFO - Products loaded successfully from SQLite database
2026-08-13 17:35:47,441 - INFO - Product searched: 101
2026-08-13 17:35:56,288 - INFO - Products loaded successfully from SQLite database
2026-08-13 17:35:58,759 - INFO - Product searched: 102
2026-08-13 17:36:05,241 - INFO - Products loaded successfully from SQLite database
2026-08-13 17:36:28,424 - INFO - Product data saved to SQLite database
2026-08-13 17:36:28,426 - INFO - Product updated: 101
2026-08-13 17:36:39,230 - INFO - Products loaded successfully from SQLite database
2026-08-13 17:36:41,915 - WARNING - Product not found for deletion: 106
2026-08-13 17:36:45,769 - INFO - Products loaded successfully from SQLite database
2026-08-13 17:36:47,792 - INFO - Product data saved to SQLite database
2026-08-13 17:36:47,794 - INFO - Product deleted: 101
2026-08-13 17:36:53,164 - INFO - Products loaded successfully from SQLite database
2026-08-13 17:36:53,206 - INFO - Bills requested from database
2026-08-13 17:37:52,658 - INFO - Billing System started.
2026-08-13 17:37:57,914 - INFO - Admin logged in successfully.
2026-08-13 17:37:57,916 - INFO - Admin logged in successfully.
2026-08-13 17:38:00,813 - INFO - Products loaded successfully from SQLite database
2026-08-13 17:38:09,287 - INFO - Products loaded successfully from SQLite database
2026-08-13 17:38:09,326 - INFO - Bills requested from database
2026-08-13 17:44:59,774 - INFO - Billing System started.
2026-08-13 17:45:05,363 - INFO - Admin logged in successfully.
2026-08-13 17:45:05,365 - INFO - Admin logged in successfully.
2026-08-13 17:45:08,094 - INFO - Products loaded successfully from SQLite database
2026-08-13 17:45:16,204 - INFO - Products loaded successfully from SQLite database
2026-08-13 17:45:16,230 - INFO - Bills requested from database
2026-08-13 17:45:30,544 - INFO - Bill saved successfully to SQLite database
2026-08-13 17:45:30,545 - INFO - Bill generated successfully: 1
2026-08-13 17:45:44,405 - INFO - Products loaded successfully from SQLite database
2026-08-13 17:45:53,809 - WARNING - Invalid menu choice entered: 102
2026-08-13 17:46:03,848 - INFO - Products loaded successfully from SQLite database
2026-08-13 17:46:03,880 - INFO - Bills requested from database
2026-08-13 17:46:17,591 - INFO - Bill saved successfully to SQLite database
2026-08-13 17:46:17,593 - INFO - Bill generated successfully: 1
2026-08-13 17:46:22,712 - INFO - Bills requested from database
2026-08-13 17:46:22,714 - WARNING - Bill history requested but no bills found.
2026-08-13 17:46:30,746 - INFO - Billing System closed.
2026-08-13 17:52:43,125 - INFO - Billing System started.
2026-08-13 17:52:48,592 - INFO - Admin logged in successfully.
2026-08-13 17:52:48,595 - INFO - Admin logged in successfully.
2026-08-13 17:52:50,856 - INFO - Products loaded successfully from SQLite database
2026-08-13 17:52:57,410 - INFO - Bills loaded successfully from SQLite database
2026-08-13 17:52:57,427 - WARNING - Bill history requested but no bills found.
2026-08-13 17:53:03,265 - INFO - Products loaded successfully from SQLite database
2026-08-13 17:53:03,292 - INFO - Bills loaded successfully from SQLite database
2026-08-13 17:53:24,021 - ERROR - Error saving to database for bills: table bills has no column named items
2026-08-13 17:53:24,023 - INFO - Bill generated successfully: 1
2026-08-13 17:53:27,839 - INFO - Bills loaded successfully from SQLite database
2026-08-13 17:53:27,868 - WARNING - Bill history requested but no bills found.
2026-08-13 17:55:09,371 - INFO - Billing System closed.
2026-08-13 17:55:16,592 - INFO - Billing System started.
2026-08-13 17:55:22,200 - INFO - Admin logged in successfully.
2026-08-13 17:55:22,203 - INFO - Admin logged in successfully.
2026-08-13 17:55:25,084 - INFO - Products loaded successfully from SQLite database
2026-08-13 17:55:34,230 - INFO - Products loaded successfully from SQLite database
2026-08-13 17:55:34,259 - INFO - Bills loaded successfully from SQLite database
2026-08-13 17:55:54,261 - ERROR - Error saving to database for bills: table bills has no column named items
2026-08-13 17:55:54,263 - INFO - Bill generated successfully: 1
2026-08-13 17:55:59,179 - INFO - Bills loaded successfully from SQLite database
2026-08-13 17:55:59,206 - WARNING - Bill history requested but no bills found.
2026-08-13 17:57:51,191 - INFO - Billing System closed.
2026-08-13 17:58:03,671 - INFO - Billing System started.
2026-08-13 17:58:09,484 - INFO - Admin logged in successfully.
2026-08-13 17:58:09,487 - INFO - Admin logged in successfully.
2026-08-13 17:58:12,040 - INFO - Products loaded successfully from SQLite database
2026-08-13 17:58:12,068 - ERROR - Error loading data for products: no such table: products
2026-08-13 17:58:25,411 - ERROR - Error saving to database for products: no such table: products
2026-08-13 17:58:25,412 - INFO - Product added: sugar
2026-08-13 17:58:28,172 - INFO - Products loaded successfully from SQLite database
2026-08-13 17:58:28,196 - ERROR - Error loading data for products: no such table: products
2026-08-13 17:58:40,558 - ERROR - Error saving to database for products: no such table: products
2026-08-13 17:58:40,560 - INFO - Product added: rice
2026-08-13 17:58:42,445 - INFO - Products loaded successfully from SQLite database
2026-08-13 17:58:42,466 - ERROR - Error loading data for products: no such table: products
2026-08-13 17:58:42,468 - WARNING - No products available to display.
2026-08-13 18:00:18,173 - INFO - Billing System closed.
2026-08-13 18:04:26,455 - INFO - Admin logged in successfully.
2026-08-13 18:04:26,459 - INFO - Admin logged in successfully.
2026-08-13 18:04:28,415 - INFO - Products loaded successfully from SQLite database
2026-08-13 18:04:39,219 - INFO - Product data saved to SQLite database
2026-08-13 18:04:39,220 - INFO - Product added: sugar
2026-08-13 18:04:41,594 - INFO - Products loaded successfully from SQLite database
2026-08-13 18:04:44,079 - INFO - Products loaded successfully from SQLite database
2026-08-13 18:04:54,987 - INFO - Product data saved to SQLite database
2026-08-13 18:04:54,989 - INFO - Product added: rice
2026-08-13 18:04:57,521 - INFO - Products loaded successfully from SQLite database
2026-08-13 18:05:11,849 - INFO - Product data saved to SQLite database
2026-08-13 18:05:11,851 - INFO - Product added: milk
2026-08-13 18:05:15,051 - INFO - Products loaded successfully from SQLite database
2026-08-13 18:05:38,433 - INFO - Product data saved to SQLite database
2026-08-13 18:05:38,435 - INFO - Product added: tea powder
2026-08-13 18:05:40,291 - INFO - Products loaded successfully from SQLite database
2026-08-13 18:05:46,216 - INFO - Products loaded successfully from SQLite database
2026-08-13 18:05:47,957 - INFO - Product searched: 101
2026-08-13 18:05:51,763 - INFO - Products loaded successfully from SQLite database
2026-08-13 18:06:20,416 - INFO - Product data saved to SQLite database
2026-08-13 18:06:20,418 - INFO - Product updated: 102
2026-08-13 18:06:23,596 - INFO - Products loaded successfully from SQLite database
2026-08-13 18:06:42,531 - INFO - Products loaded successfully from SQLite database
2026-08-13 18:06:48,463 - INFO - Product data saved to SQLite database
2026-08-13 18:06:48,466 - INFO - Product deleted: 101
2026-08-13 18:06:52,078 - INFO - Products loaded successfully from SQLite database
2026-08-13 18:06:59,075 - INFO - Products loaded successfully from SQLite database
2026-08-13 18:06:59,119 - INFO - Bills loaded successfully from SQLite database
2026-08-13 18:07:11,464 - INFO - Bill saved successfully to SQLite database
2026-08-13 18:07:11,466 - INFO - Bill generated successfully: 1
2026-08-13 18:07:17,506 - INFO - Products loaded successfully from SQLite database
2026-08-13 18:07:17,543 - INFO - Bills loaded successfully from SQLite database
2026-08-13 18:07:31,188 - INFO - Bill saved successfully to SQLite database
2026-08-13 18:07:31,190 - INFO - Bill generated successfully: 2
2026-08-13 18:07:33,713 - INFO - Bills loaded successfully from SQLite database
2026-08-13 18:10:12,114 - INFO - Admin logged in successfully.
2026-08-13 18:10:12,116 - INFO - Admin logged in successfully.
2026-08-13 18:10:13,548 - INFO - Products loaded successfully from SQLite database
2026-08-13 18:10:13,584 - WARNING - No products available to display.
2026-08-13 18:10:18,075 - INFO - Products loaded successfully from SQLite database
2026-08-13 18:10:25,902 - INFO - Product data saved to SQLite database
2026-08-13 18:10:25,904 - INFO - Product added: sugar
2026-08-13 18:10:29,520 - INFO - Products loaded successfully from SQLite database
2026-08-13 18:12:13,233 - INFO - Products loaded successfully from SQLite database
2026-08-13 18:12:25,947 - INFO - Product data saved to SQLite database
2026-08-13 18:12:25,949 - INFO - Product added: rice
2026-08-13 18:12:27,818 - INFO - Products loaded successfully from SQLite database
2026-08-13 18:12:47,677 - INFO - Product data saved to SQLite database
2026-08-13 18:12:47,679 - INFO - Product added: pohe
2026-08-13 18:12:50,520 - INFO - Products loaded successfully from SQLite database
2026-08-13 18:12:56,259 - INFO - Products loaded successfully from SQLite database
2026-08-13 18:13:13,393 - INFO - Product data saved to SQLite database
2026-08-13 18:13:13,395 - INFO - Product added: milk
2026-08-13 18:13:20,460 - INFO - Products loaded successfully from SQLite database
2026-08-13 18:13:39,594 - INFO - Product data saved to SQLite database
2026-08-13 18:13:39,596 - INFO - Product added: water
2026-08-13 18:13:41,124 - INFO - Products loaded successfully from SQLite database
2026-08-13 18:13:48,542 - INFO - Products loaded successfully from SQLite database
2026-08-13 18:13:50,641 - INFO - Product searched: 101
2026-08-13 18:14:02,944 - INFO - Products loaded successfully from SQLite database
2026-08-13 18:14:34,783 - INFO - Product data saved to SQLite database
2026-08-13 18:14:34,785 - INFO - Product updated: 103
2026-08-13 18:14:40,671 - INFO - Products loaded successfully from SQLite database
2026-08-13 18:15:19,425 - INFO - Products loaded successfully from SQLite database
2026-08-13 18:15:21,757 - INFO - Product data saved to SQLite database
2026-08-13 18:15:21,759 - INFO - Product deleted: 101
2026-08-13 18:15:24,892 - INFO - Products loaded successfully from SQLite database
2026-08-13 18:15:30,801 - INFO - Products loaded successfully from SQLite database
2026-08-13 18:15:30,836 - INFO - Bills loaded successfully from SQLite database
2026-08-13 18:15:43,243 - INFO - Bill saved successfully to SQLite database
2026-08-13 18:15:43,245 - INFO - Bill generated successfully: 1
2026-08-13 18:15:57,086 - INFO - Products loaded successfully from SQLite database
2026-08-13 18:15:57,128 - INFO - Bills loaded successfully from SQLite database
2026-08-13 18:16:10,801 - INFO - Bill saved successfully to SQLite database
2026-08-13 18:16:10,802 - INFO - Bill generated successfully: 2
2026-08-13 18:16:14,206 - INFO - Bills loaded successfully from SQLite database
2026-08-13 18:50:14,924 - INFO - Admin logged in successfully.
2026-08-13 18:50:14,926 - INFO - Admin logged in successfully.
2026-08-13 18:50:16,651 - INFO - Products loaded successfully from SQLite database
2026-08-13 18:50:16,681 - WARNING - No products available to display.
2026-08-13 18:50:19,303 - INFO - Products loaded successfully from SQLite database
2026-08-13 18:50:27,723 - INFO - Product data saved to SQLite database
2026-08-13 18:50:27,725 - INFO - Product added: sugar
2026-08-13 18:50:29,146 - INFO - Products loaded successfully from SQLite database
2026-08-13 18:50:33,078 - INFO - Products loaded successfully from SQLite database
2026-08-13 18:50:43,332 - INFO - Product data saved to SQLite database
2026-08-13 18:50:43,333 - INFO - Product added: rice
2026-08-13 18:50:46,431 - INFO - Products loaded successfully from SQLite database
2026-08-13 18:51:02,129 - INFO - Product data saved to SQLite database
2026-08-13 18:51:02,130 - INFO - Product added: milk
2026-08-13 18:51:03,715 - INFO - Products loaded successfully from SQLite database
2026-08-13 18:51:08,073 - INFO - Products loaded successfully from SQLite database
2026-08-13 18:51:09,716 - INFO - Product searched: 101
2026-08-13 18:51:13,329 - INFO - Products loaded successfully from SQLite database
2026-08-13 18:51:37,101 - INFO - Product data saved to SQLite database
2026-08-13 18:51:37,103 - INFO - Product updated: 101
2026-08-13 18:51:39,825 - INFO - Products loaded successfully from SQLite database
2026-08-13 18:51:49,275 - INFO - Products loaded successfully from SQLite database
2026-08-13 18:51:52,410 - INFO - Product data saved to SQLite database
2026-08-13 18:51:52,411 - INFO - Product deleted: 101
2026-08-13 18:51:56,765 - INFO - Products loaded successfully from SQLite database
2026-08-13 18:51:56,799 - INFO - Bills loaded successfully from SQLite database
2026-08-13 18:52:12,915 - INFO - Bill saved successfully to SQLite database
2026-08-13 18:52:12,918 - INFO - Bill generated successfully: 1
2026-08-13 18:52:20,213 - INFO - Bills loaded successfully from SQLite database
2026-08-13 18:53:43,730 - INFO - Admin logged in successfully.
2026-08-13 18:53:43,732 - INFO - Admin logged in successfully.
2026-08-13 18:53:45,926 - INFO - Bills loaded successfully from SQLite database
2026-08-13 18:55:00,346 - INFO - Admin logged in successfully.
2026-08-13 18:55:00,348 - INFO - Admin logged in successfully.
2026-08-13 18:55:02,963 - INFO - Bills loaded successfully from SQLite database
2026-08-13 18:56:10,441 - INFO - Application exited.
2026-08-13 18:57:11,841 - INFO - Admin logged in successfully.
2026-08-13 18:57:11,844 - INFO - Admin logged in successfully.
2026-08-13 18:57:14,555 - INFO - Bills loaded successfully from SQLite database
2026-08-13 18:57:14,578 - WARNING - Bill history requested but no bills found.
2026-08-13 18:57:19,171 - INFO - Products loaded successfully from SQLite database
2026-08-13 18:57:29,561 - INFO - Product data saved to SQLite database
2026-08-13 18:57:29,562 - INFO - Product added: sugar
2026-08-13 18:57:54,167 - INFO - Products loaded successfully from SQLite database
2026-08-13 18:58:17,213 - INFO - Product data saved to SQLite database
2026-08-13 18:58:17,214 - INFO - Product added: rice
2026-08-13 18:58:19,529 - INFO - Products loaded successfully from SQLite database
2026-08-13 18:58:22,207 - INFO - Products loaded successfully from SQLite database
2026-08-13 18:58:23,698 - INFO - Product searched: 1
2026-08-13 18:58:31,188 - INFO - Products loaded successfully from SQLite database
2026-08-13 18:58:31,227 - INFO - Bills loaded successfully from SQLite database
2026-08-13 18:58:44,994 - INFO - Bill saved successfully to SQLite database
2026-08-13 18:58:44,995 - INFO - Bill generated successfully: 1
2026-08-13 18:58:47,999 - INFO - Bills loaded successfully from SQLite database
2026-08-13 18:58:56,359 - INFO - Application exited.
2026-08-13 19:01:46,605 - INFO - Admin logged in successfully.
2026-08-13 19:01:46,608 - INFO - Admin logged in successfully.
2026-08-13 19:05:44,546 - INFO - Products loaded successfully from SQLite database
2026-08-13 19:05:54,681 - INFO - Product data saved to SQLite database
2026-08-13 19:05:54,682 - INFO - Product added: sugar
2026-08-13 19:05:56,661 - INFO - Products loaded successfully from SQLite database
2026-08-13 19:06:03,044 - INFO - Products loaded successfully from SQLite database
2026-08-13 19:06:03,074 - INFO - Bills loaded successfully from SQLite database
2026-08-13 19:06:12,923 - INFO - Bill saved successfully to SQLite database
2026-08-13 19:06:12,924 - INFO - Bill generated successfully: 1
2026-08-13 19:06:16,013 - INFO - Bills loaded successfully from SQLite database
2026-08-13 19:06:22,640 - INFO - Application exited.
2026-08-13 19:16:44,915 - INFO - Admin logged in successfully.
2026-08-13 19:16:44,917 - INFO - Application exited.
2026-08-13 19:16:44,948 - INFO - Admin logged in successfully.
2026-08-13 19:16:44,950 - INFO - Application exited.
2026-08-13 19:16:44,978 - INFO - Admin logged in successfully.
2026-08-13 19:16:44,980 - INFO - Application exited.
2026-08-13 19:16:45,086 - INFO - Admin logged in successfully.
2026-08-13 19:16:45,088 - INFO - Application exited.
2026-08-13 19:16:45,114 - INFO - Admin logged in successfully.
2026-08-13 19:16:45,116 - INFO - Application exited.
2026-08-13 19:16:45,147 - INFO - Admin logged in successfully.
2026-08-13 19:16:45,150 - INFO - Application exited.
2026-08-13 19:16:45,181 - INFO - Admin logged in successfully.
2026-08-13 19:16:45,186 - INFO - Application exited.
2026-08-13 19:18:24,556 - INFO - Admin logged in successfully.
2026-08-13 19:18:24,557 - INFO - Application exited.
2026-08-13 19:18:24,577 - INFO - Admin logged in successfully.
2026-08-13 19:18:24,578 - INFO - Application exited.
2026-08-13 19:18:24,601 - INFO - Admin logged in successfully.
2026-08-13 19:18:24,602 - INFO - Application exited.
2026-08-13 19:18:24,676 - INFO - Admin logged in successfully.
2026-08-13 19:18:24,679 - INFO - Application exited.
2026-08-13 19:18:24,694 - INFO - Admin logged in successfully.
2026-08-13 19:18:24,695 - INFO - Application exited.
2026-08-13 19:18:24,713 - INFO - Admin logged in successfully.
2026-08-13 19:18:24,714 - INFO - Application exited.
2026-08-13 19:18:24,732 - INFO - Admin logged in successfully.
2026-08-13 19:18:24,734 - INFO - Application exited.
2026-08-14 14:16:30,083 - INFO - Admin logged in successfully.
2026-08-14 14:16:30,092 - INFO - Admin logged in successfully.
2026-08-14 14:18:25,741 - INFO - save_data called for data/products.json (handled via SQLite)
2026-08-14 14:18:25,745 - INFO - Product added: laptop
2026-08-14 14:18:45,552 - INFO - save_data called for data/products.json (handled via SQLite)
2026-08-14 14:18:45,554 - INFO - Product added: Mouse
2026-08-14 14:19:07,381 - INFO - save_data called for data/products.json (handled via SQLite)
2026-08-14 14:19:07,384 - INFO - Product added: notebook
2026-08-14 14:19:26,644 - INFO - save_data called for data/products.json (handled via SQLite)
2026-08-14 14:19:26,646 - INFO - Product added: shampoo
2026-08-14 14:19:42,096 - INFO - save_data called for data/products.json (handled via SQLite)
2026-08-14 14:19:42,098 - INFO - Product added: brush
2026-08-14 14:19:44,979 - WARNING - No products available to display.
2026-08-14 14:20:01,228 - INFO - Application exited.
2026-08-14 14:23:01,124 - INFO - Admin logged in successfully.
2026-08-14 14:23:01,127 - INFO - Admin logged in successfully.
2026-08-14 14:23:04,157 - ERROR - Error loading data for data/products.json: no such column: id
2026-08-14 14:23:04,159 - WARNING - No products available to display.
2026-08-14 14:23:06,915 - ERROR - Error loading data for data/products.json: no such column: id
2026-08-14 14:23:20,888 - ERROR - Error saving data for data/products.json: table products has no column named id
2026-08-14 14:23:20,890 - INFO - Product added: laptop
2026-08-14 14:23:23,882 - ERROR - Error loading data for data/products.json: no such column: id
2026-08-14 14:23:23,884 - WARNING - No products available to display.
2026-08-14 14:26:05,032 - INFO - Application exited.
2026-08-14 14:26:20,390 - INFO - Admin logged in successfully.
2026-08-14 14:26:20,392 - INFO - Admin logged in successfully.
2026-08-14 14:26:25,061 - WARNING - Invalid input while adding product.
2026-08-14 14:26:40,534 - ERROR - Database error while adding product: no such column: id
2026-08-14 14:27:18,167 - ERROR - Database error while adding product: no such column: id
2026-08-14 14:28:22,077 - INFO - Application exited.
2026-08-14 14:28:37,981 - INFO - Admin logged in successfully.
2026-08-14 14:28:37,984 - INFO - Admin logged in successfully.
2026-08-14 14:28:48,300 - INFO - Product added: laptop
2026-08-14 14:30:18,201 - INFO - Product added: Wireless mouse
2026-08-14 14:30:34,222 - INFO - Product added: shampoo
2026-08-14 14:30:59,863 - INFO - Product added: sugar
2026-08-14 14:31:19,394 - INFO - Product added: rice
2026-08-14 14:31:28,072 - INFO - Product searched: 1
2026-08-14 14:31:32,482 - WARNING - Product not found: 6
2026-08-14 14:31:48,795 - INFO - Product updated: 1
2026-08-14 14:32:05,969 - INFO - Product deleted: 1
2026-08-14 14:32:31,792 - INFO - Bill generated successfully: 1
2026-08-14 14:32:51,844 - INFO - Bill generated successfully: 1
2026-08-14 14:33:00,957 - WARNING - Bill history requested but no bills found.
2026-08-14 14:35:20,587 - INFO - Application exited.
2026-08-14 14:35:32,802 - INFO - Admin logged in successfully.
2026-08-14 14:35:32,805 - INFO - Admin logged in successfully.
2026-08-14 14:35:40,624 - WARNING - Bill history requested but no bills found.
2026-08-14 14:35:59,205 - INFO - Bill generated successfully: 1
2026-08-14 14:36:11,064 - INFO - Application exited.
2026-08-14 17:32:49,309 - INFO - Admin logged in successfully.
2026-08-14 17:32:49,311 - INFO - Application exited.
2026-08-14 17:32:49,320 - INFO - Admin logged in successfully.
2026-08-14 17:32:49,322 - INFO - Application exited.
2026-08-14 17:32:49,336 - INFO - Admin logged in successfully.
2026-08-14 17:32:49,337 - INFO - Application exited.
2026-08-14 17:32:49,391 - INFO - Admin logged in successfully.
2026-08-14 17:32:49,393 - INFO - Application exited.
2026-08-14 17:32:49,410 - INFO - Admin logged in successfully.
2026-08-14 17:32:49,411 - INFO - Application exited.
2026-08-14 17:32:49,426 - INFO - Admin logged in successfully.
2026-08-14 17:32:49,427 - INFO - Application exited.
2026-08-14 17:32:49,445 - INFO - Admin logged in successfully.
2026-08-14 17:32:49,446 - INFO - Application exited.
2026-08-14 18:05:58,013 - INFO - Admin logged in successfully.
2026-08-14 18:05:58,016 - INFO - Admin logged in successfully.
2026-08-14 18:05:58,040 - WARNING - Low stock warning displayed for 3 item(s).
2026-08-14 18:06:18,904 - WARNING - Insufficient stock for product: 2
2026-08-14 18:07:13,859 - WARNING - Low stock warning displayed for 3 item(s).
2026-08-14 18:07:25,838 - INFO - Application exited.
2026-08-14 18:08:44,584 - INFO - Admin logged in successfully.
2026-08-14 18:08:44,594 - WARNING - Low stock warning displayed for 3 item(s).
2026-08-14 18:08:44,606 - WARNING - Low stock warning displayed for 3 item(s).
2026-08-14 18:08:44,634 - INFO - Admin logged in successfully.
2026-08-14 18:08:44,646 - WARNING - Low stock warning displayed for 3 item(s).
2026-08-14 18:08:44,661 - WARNING - Low stock warning displayed for 3 item(s).
2026-08-14 18:08:44,686 - INFO - Admin logged in successfully.
2026-08-14 18:08:44,702 - WARNING - Low stock warning displayed for 3 item(s).
2026-08-14 18:08:44,717 - WARNING - Low stock warning displayed for 3 item(s).
2026-08-14 18:08:44,796 - INFO - Admin logged in successfully.
2026-08-14 18:08:44,809 - WARNING - Low stock warning displayed for 3 item(s).
2026-08-14 18:08:44,823 - WARNING - Low stock warning displayed for 3 item(s).
2026-08-14 18:08:44,844 - INFO - Admin logged in successfully.
2026-08-14 18:08:44,856 - WARNING - Low stock warning displayed for 3 item(s).
2026-08-14 18:08:44,868 - WARNING - Low stock warning displayed for 3 item(s).
2026-08-14 18:08:44,882 - INFO - Admin logged in successfully.
2026-08-14 18:08:44,893 - WARNING - Low stock warning displayed for 3 item(s).
2026-08-14 18:08:44,903 - WARNING - Low stock warning displayed for 3 item(s).
2026-08-14 18:08:44,919 - INFO - Admin logged in successfully.
2026-08-14 18:08:44,929 - WARNING - Low stock warning displayed for 3 item(s).
2026-08-14 18:08:44,940 - WARNING - Low stock warning displayed for 3 item(s).
2026-08-14 18:12:52,548 - INFO - Admin logged in successfully.
2026-08-14 18:12:52,554 - WARNING - Low stock warning displayed for 3 item(s).
2026-08-14 18:12:52,556 - INFO - Application exited.
2026-08-14 18:12:52,558 - INFO - Admin logged in successfully.
2026-08-14 18:12:52,560 - WARNING - Low stock warning displayed for 0 item(s).
2026-08-14 18:12:52,561 - WARNING - Low stock warning displayed for 0 item(s).
2026-08-14 18:12:52,562 - INFO - Application exited.
2026-08-14 18:12:52,577 - INFO - Admin logged in successfully.
2026-08-14 18:12:52,589 - WARNING - Low stock warning displayed for 3 item(s).
2026-08-14 18:12:52,591 - INFO - Application exited.
2026-08-14 18:12:52,602 - INFO - Admin logged in successfully.
2026-08-14 18:12:52,614 - WARNING - Low stock warning displayed for 3 item(s).
2026-08-14 18:12:52,615 - INFO - Application exited.
2026-08-14 18:12:52,677 - INFO - Admin logged in successfully.
2026-08-14 18:12:52,689 - WARNING - Low stock warning displayed for 3 item(s).
2026-08-14 18:12:52,690 - INFO - Application exited.
2026-08-14 18:12:52,702 - INFO - Admin logged in successfully.
2026-08-14 18:12:52,713 - WARNING - Low stock warning displayed for 3 item(s).
2026-08-14 18:12:52,715 - INFO - Application exited.
2026-08-14 18:12:52,732 - INFO - Admin logged in successfully.
2026-08-14 18:12:52,746 - WARNING - Low stock warning displayed for 3 item(s).
2026-08-14 18:12:52,748 - INFO - Application exited.
2026-08-14 18:12:52,763 - INFO - Admin logged in successfully.
2026-08-14 18:12:52,775 - WARNING - Low stock warning displayed for 3 item(s).
2026-08-14 18:12:52,776 - INFO - Application exited.
2026-08-14 19:45:01,363 - INFO - Admin logged in successfully.
2026-08-14 19:45:01,365 - INFO - Admin logged in successfully.
2026-08-14 19:45:01,397 - WARNING - Low stock warning displayed for 3 item(s).
2026-08-14 19:45:20,269 - INFO - Sales report generated successfully.
2026-08-14 19:45:34,244 - INFO - Application exited.
2026-08-14 19:45:52,580 - INFO - Admin logged in successfully.
2026-08-14 19:45:52,599 - WARNING - Low stock warning displayed for 3 item(s).
2026-08-14 19:45:52,618 - INFO - Sales report generated successfully.
2026-08-14 19:45:52,642 - INFO - Admin logged in successfully.
2026-08-14 19:45:52,647 - WARNING - Low stock warning displayed for 0 item(s).
2026-08-14 19:45:52,652 - WARNING - Low stock warning displayed for 0 item(s).
2026-08-14 19:45:52,655 - INFO - Sales report generated successfully.
2026-08-14 19:45:52,687 - INFO - Admin logged in successfully.
2026-08-14 19:45:52,706 - WARNING - Low stock warning displayed for 3 item(s).
2026-08-14 19:45:52,724 - INFO - Sales report generated successfully.
2026-08-14 19:45:52,751 - INFO - Admin logged in successfully.
2026-08-14 19:45:52,768 - WARNING - Low stock warning displayed for 3 item(s).
2026-08-14 19:45:52,786 - INFO - Sales report generated successfully.
2026-08-14 19:45:52,863 - INFO - Admin logged in successfully.
2026-08-14 19:45:52,879 - WARNING - Low stock warning displayed for 3 item(s).
2026-08-14 19:45:52,901 - INFO - Sales report generated successfully.
2026-08-14 19:45:52,931 - INFO - Admin logged in successfully.
2026-08-14 19:45:52,951 - WARNING - Low stock warning displayed for 3 item(s).
2026-08-14 19:45:52,965 - INFO - Sales report generated successfully.
2026-08-14 19:45:52,983 - INFO - Admin logged in successfully.
2026-08-14 19:45:52,997 - WARNING - Low stock warning displayed for 3 item(s).
2026-08-14 19:45:53,018 - INFO - Sales report generated successfully.
2026-08-14 19:45:53,037 - INFO - Admin logged in successfully.
2026-08-14 19:45:53,052 - WARNING - Low stock warning displayed for 3 item(s).
2026-08-14 19:45:53,066 - INFO - Sales report generated successfully.
2026-08-14 19:48:20,599 - INFO - Admin logged in successfully.
2026-08-14 19:48:20,609 - WARNING - Low stock warning displayed for 3 item(s).
2026-08-14 19:48:20,611 - INFO - Application exited.
2026-08-14 19:48:20,613 - INFO - Admin logged in successfully.
2026-08-14 19:48:20,616 - WARNING - Low stock warning displayed for 0 item(s).
2026-08-14 19:48:20,617 - WARNING - Low stock warning displayed for 0 item(s).
2026-08-14 19:48:20,619 - INFO - Application exited.
2026-08-14 19:48:20,637 - INFO - Admin logged in successfully.
2026-08-14 19:48:20,649 - WARNING - Low stock warning displayed for 3 item(s).
2026-08-14 19:48:20,650 - INFO - Application exited.
2026-08-14 19:48:20,668 - INFO - Admin logged in successfully.
2026-08-14 19:48:20,686 - WARNING - Low stock warning displayed for 3 item(s).
2026-08-14 19:48:20,687 - INFO - Application exited.
2026-08-14 19:48:20,762 - INFO - Admin logged in successfully.
2026-08-14 19:48:20,777 - WARNING - Low stock warning displayed for 3 item(s).
2026-08-14 19:48:20,779 - INFO - Application exited.
2026-08-14 19:48:20,799 - INFO - Admin logged in successfully.
2026-08-14 19:48:20,813 - WARNING - Low stock warning displayed for 3 item(s).
2026-08-14 19:48:20,815 - INFO - Application exited.
2026-08-14 19:48:20,832 - INFO - Admin logged in successfully.
2026-08-14 19:48:20,849 - WARNING - Low stock warning displayed for 3 item(s).
2026-08-14 19:48:20,851 - INFO - Application exited.
2026-08-14 19:48:20,870 - INFO - Admin logged in successfully.
2026-08-14 19:48:20,885 - WARNING - Low stock warning displayed for 3 item(s).
2026-08-14 19:48:20,887 - INFO - Application exited.
2026-08-14 19:48:20,901 - INFO - Admin logged in successfully.
2026-08-14 19:48:20,916 - WARNING - Low stock warning displayed for 3 item(s).
2026-08-14 19:48:20,917 - INFO - Application exited.
2026-08-14 20:11:45,666 - INFO - Admin logged in successfully.
2026-08-14 20:11:45,684 - WARNING - Low stock warning displayed for 3 item(s).
2026-08-14 20:11:45,685 - INFO - Application exited.
2026-08-14 20:11:45,688 - INFO - Admin logged in successfully.
2026-08-14 20:11:45,690 - WARNING - Low stock warning displayed for 0 item(s).
2026-08-14 20:11:45,692 - WARNING - Low stock warning displayed for 0 item(s).
2026-08-14 20:11:45,694 - INFO - Application exited.
2026-08-14 20:11:45,717 - INFO - Admin logged in successfully.
2026-08-14 20:11:45,739 - WARNING - Low stock warning displayed for 3 item(s).
2026-08-14 20:11:45,741 - INFO - Application exited.
2026-08-14 20:11:45,762 - INFO - Admin logged in successfully.
2026-08-14 20:11:45,778 - WARNING - Low stock warning displayed for 3 item(s).
2026-08-14 20:11:45,779 - INFO - Application exited.
2026-08-14 20:11:45,860 - INFO - Admin logged in successfully.
2026-08-14 20:11:45,880 - WARNING - Low stock warning displayed for 3 item(s).
2026-08-14 20:11:45,882 - INFO - Application exited.
2026-08-14 20:11:45,909 - INFO - Admin logged in successfully.
2026-08-14 20:11:45,929 - WARNING - Low stock warning displayed for 3 item(s).
2026-08-14 20:11:45,931 - INFO - Application exited.
2026-08-14 20:11:45,956 - INFO - Admin logged in successfully.
2026-08-14 20:11:45,977 - WARNING - Low stock warning displayed for 3 item(s).
2026-08-14 20:11:45,979 - INFO - Application exited.
2026-08-14 20:11:46,000 - INFO - Admin logged in successfully.
2026-08-14 20:11:46,020 - WARNING - Low stock warning displayed for 3 item(s).
2026-08-14 20:11:46,022 - INFO - Application exited.
2026-08-14 20:11:46,044 - INFO - Admin logged in successfully.
2026-08-14 20:11:46,062 - WARNING - Low stock warning displayed for 3 item(s).
2026-08-14 20:11:46,065 - INFO - Application exited.
2026-08-15 08:47:58,976 - INFO - Admin logged in successfully.
2026-08-15 08:47:58,988 - INFO - Admin logged in successfully.
2026-08-15 08:47:59,007 - WARNING - Low stock warning displayed for 3 item(s).
2026-08-15 08:49:14,325 - WARNING - Invalid quantity entered.
2026-08-15 08:49:35,957 - INFO - Bill generated successfully: 2
2026-08-15 08:49:35,971 - INFO - PDF receipt exported successfully: bill_2.pdf
2026-08-15 08:51:52,344 - INFO - Bill history viewed successfully.
2026-08-15 08:52:02,751 - WARNING - Low stock warning displayed for 3 item(s).
2026-08-15 08:52:10,016 - INFO - Sales report generated successfully.
2026-08-15 08:53:18,998 - INFO - Application exited.
2026-08-15 08:54:10,419 - INFO - Admin logged in successfully.
2026-08-15 08:54:10,436 - WARNING - Low stock warning displayed for 3 item(s).
2026-08-15 08:54:10,438 - INFO - Application exited.
2026-08-15 08:54:10,441 - INFO - Admin logged in successfully.
2026-08-15 08:54:10,443 - WARNING - Low stock warning displayed for 0 item(s).
2026-08-15 08:54:10,444 - WARNING - Low stock warning displayed for 0 item(s).
2026-08-15 08:54:10,445 - INFO - Application exited.
2026-08-15 08:54:10,459 - INFO - Admin logged in successfully.
2026-08-15 08:54:10,470 - WARNING - Low stock warning displayed for 3 item(s).
2026-08-15 08:54:10,471 - INFO - Application exited.
2026-08-15 08:54:10,485 - INFO - Admin logged in successfully.
2026-08-15 08:54:10,500 - WARNING - Low stock warning displayed for 3 item(s).
2026-08-15 08:54:10,502 - INFO - Application exited.
2026-08-15 08:54:10,570 - INFO - Admin logged in successfully.
2026-08-15 08:54:10,586 - WARNING - Low stock warning displayed for 3 item(s).
2026-08-15 08:54:10,588 - INFO - Application exited.
2026-08-15 08:54:10,607 - INFO - Admin logged in successfully.
2026-08-15 08:54:10,623 - WARNING - Low stock warning displayed for 3 item(s).
2026-08-15 08:54:10,625 - INFO - Application exited.
2026-08-15 08:54:10,646 - INFO - Admin logged in successfully.
2026-08-15 08:54:10,663 - WARNING - Low stock warning displayed for 3 item(s).
2026-08-15 08:54:10,665 - INFO - Application exited.
2026-08-15 08:54:10,686 - INFO - Admin logged in successfully.
2026-08-15 08:54:10,699 - WARNING - Low stock warning displayed for 3 item(s).
2026-08-15 08:54:10,700 - INFO - Application exited.
2026-08-15 08:54:10,716 - INFO - Admin logged in successfully.
2026-08-15 08:54:10,730 - WARNING - Low stock warning displayed for 3 item(s).
2026-08-15 08:54:10,731 - INFO - Application exited.
2026-08-15 09:05:57,120 - INFO - Admin logged in successfully.
2026-08-15 09:05:57,133 - WARNING - Low stock warning displayed for 3 item(s).
2026-08-15 09:05:57,134 - INFO - Application exited.
2026-08-15 09:05:57,143 - INFO - Admin logged in successfully.
2026-08-15 09:05:57,145 - WARNING - Low stock warning displayed for 0 item(s).
2026-08-15 09:05:57,147 - WARNING - Low stock warning displayed for 0 item(s).
2026-08-15 09:05:57,148 - INFO - Application exited.
2026-08-15 09:05:57,170 - INFO - Admin logged in successfully.
2026-08-15 09:05:57,184 - WARNING - Low stock warning displayed for 3 item(s).
2026-08-15 09:05:57,185 - INFO - Application exited.
2026-08-15 09:05:57,203 - INFO - Admin logged in successfully.
2026-08-15 09:05:57,221 - WARNING - Low stock warning displayed for 3 item(s).
2026-08-15 09:05:57,223 - INFO - Application exited.
2026-08-15 09:05:57,300 - INFO - Admin logged in successfully.
2026-08-15 09:05:57,318 - WARNING - Low stock warning displayed for 3 item(s).
2026-08-15 09:05:57,320 - INFO - Application exited.
2026-08-15 09:05:57,342 - INFO - Admin logged in successfully.
2026-08-15 09:05:57,361 - WARNING - Low stock warning displayed for 3 item(s).
2026-08-15 09:05:57,363 - INFO - Application exited.
2026-08-15 09:05:57,387 - INFO - Admin logged in successfully.
2026-08-15 09:05:57,406 - WARNING - Low stock warning displayed for 3 item(s).
2026-08-15 09:05:57,407 - INFO - Application exited.
2026-08-15 09:05:57,429 - INFO - Admin logged in successfully.
2026-08-15 09:05:57,445 - WARNING - Low stock warning displayed for 3 item(s).
2026-08-15 09:05:57,447 - INFO - Application exited.
2026-08-15 09:05:57,465 - INFO - Admin logged in successfully.
2026-08-15 09:05:57,481 - WARNING - Low stock warning displayed for 3 item(s).
2026-08-15 09:05:57,484 - INFO - Application exited.
